[07-30 14:26:18]: [INFO] Created column 'regdate' and set the current timestamp, 1785421578075, to all 0 rows
[07-30 14:26:18]: [INFO] SQLite Setup finished
[07-30 14:26:18]: [INFO] No supported permissions system found! Permissions are disabled!
[07-30 14:26:18]: [WARN] WARNING! The protectInventory feature requires ProtocolLib! Disabling it...
[07-30 14:26:18]: [INFO] AuthMe 5.6.0 build n.CUSTOM successfully enabled!
[07-30 14:26:19]: [INFO] Downloading GEO IP database, because the old database is older than 30 days or doesn't exist
[07-30 14:26:19]: [WARN] No MaxMind credentials found in the configuration file! GeoIp protections will be disabled.
[07-30 14:26:19]: [INFO] There is no newer GEO IP database uploaded to MaxMind. Using the old one for now.
[07-30 14:26:19]: [WARN] Could not download GeoLiteAPI database [FileNotFoundException]: plugins/AuthMe/GeoLite2-Country.mmdb (No such file or directory)
[07-30 14:26:19]: java.io.FileNotFoundException: plugins/AuthMe/GeoLite2-Country.mmdb (No such file or directory)
	at java.base/java.io.RandomAccessFile.open0(Native Method)
	at java.base/java.io.RandomAccessFile.open(RandomAccessFile.java:338)
	at java.base/java.io.RandomAccessFile.<init>(RandomAccessFile.java:257)
	at java.base/java.io.RandomAccessFile.<init>(RandomAccessFile.java:211)
	at fr.xephi.authme.libs.com.maxmind.db.BufferHolder.<init>(BufferHolder.java:20)
	at fr.xephi.authme.libs.com.maxmind.db.Reader.<init>(Reader.java:121)
	at fr.xephi.authme.service.GeoIpService.startReading(GeoIpService.java:179)
	at fr.xephi.authme.service.GeoIpService.updateDatabase(GeoIpService.java:150)
	at org.bukkit.craftbukkit.v1_12_R1.scheduler.CraftTask.run(CraftTask.java:64)
	at org.bukkit.craftbukkit.v1_12_R1.scheduler.CraftAsyncTask.run(CraftAsyncTask.java:52)
	at com.destroystokyo.paper.ServerSchedulerReportingWrapper.run(ServerSchedulerReportingWrapper.java:22)
	at java.base/java.util.concurrent.ThreadPoolExecutor.runWorker(ThreadPoolExecutor.java:1090)
	at java.base/java.util.concurrent.ThreadPoolExecutor$Worker.run(ThreadPoolExecutor.java:614)
	at java.base/java.lang.Thread.run(Thread.java:1474)

[07-30 14:42:49]: [FINE] Detopes registered 0:0:0:0:0:0:0:1%0
[07-30 14:42:49]: [FINE] Detopes logged in 0:0:0:0:0:0:0:1%0
[07-30 14:46:01]: [FINE] Detopes logged in 0:0:0:0:0:0:0:1%0
[07-30 14:46:57]: [INFO] AuthMe 5.6.0-bCUSTOM disabled!
[07-30 14:52:48]: [INFO] SQLite Setup finished
[07-30 14:52:48]: [INFO] No supported permissions system found! Permissions are disabled!
[07-30 14:52:48]: [WARN] WARNING! The protectInventory feature requires ProtocolLib! Disabling it...
[07-30 14:52:48]: [INFO] AuthMe 5.6.0 build n.CUSTOM successfully enabled!
[07-30 14:52:48]: [INFO] Downloading GEO IP database, because the old database is older than 30 days or doesn't exist
[07-30 14:52:48]: [WARN] No MaxMind credentials found in the configuration file! GeoIp protections will be disabled.
[07-30 14:52:48]: [INFO] There is no newer GEO IP database uploaded to MaxMind. Using the old one for now.
[07-30 14:52:48]: [WARN] Could not download GeoLiteAPI database [FileNotFoundException]: plugins/AuthMe/GeoLite2-Country.mmdb (No such file or directory)
[07-30 14:52:48]: java.io.FileNotFoundException: plugins/AuthMe/GeoLite2-Country.mmdb (No such file or directory)
	at java.base/java.io.RandomAccessFile.open0(Native Method)
	at java.base/java.io.RandomAccessFile.open(RandomAccessFile.java:338)
	at java.base/java.io.RandomAccessFile.<init>(RandomAccessFile.java:257)
	at java.base/java.io.RandomAccessFile.<init>(RandomAccessFile.java:211)
	at fr.xephi.authme.libs.com.maxmind.db.BufferHolder.<init>(BufferHolder.java:20)
	at fr.xephi.authme.libs.com.maxmind.db.Reader.<init>(Reader.java:121)
	at fr.xephi.authme.service.GeoIpService.startReading(GeoIpService.java:179)
	at fr.xephi.authme.service.GeoIpService.updateDatabase(GeoIpService.java:150)
	at org.bukkit.craftbukkit.v1_12_R1.scheduler.CraftTask.run(CraftTask.java:64)
	at org.bukkit.craftbukkit.v1_12_R1.scheduler.CraftAsyncTask.run(CraftAsyncTask.java:52)
	at com.destroystokyo.paper.ServerSchedulerReportingWrapper.run(ServerSchedulerReportingWrapper.java:22)
	at java.base/java.util.concurrent.ThreadPoolExecutor.runWorker(ThreadPoolExecutor.java:1090)
	at java.base/java.util.concurrent.ThreadPoolExecutor$Worker.run(ThreadPoolExecutor.java:614)
	at java.base/java.lang.Thread.run(Thread.java:1474)

[07-30 15:52:37]: [INFO] AuthMe 5.6.0-bCUSTOM disabled!
[07-31 11:38:15]: [INFO] SQLite Setup finished
[07-31 11:38:15]: [INFO] No supported permissions system found! Permissions are disabled!
[07-31 11:38:15]: [WARN] WARNING! The protectInventory feature requires ProtocolLib! Disabling it...
[07-31 11:38:15]: [WARN] Note: Hooks.bungeecord is set to false but your server appears to be running in bungeecord mode (see your spigot.yml). In order to allow the datasource caching and the AuthMeBungee add-on to work properly you have to enable this option!
[07-31 11:38:15]: [INFO] AuthMe 5.6.0 build n.CUSTOM successfully enabled!
[07-31 11:38:16]: [INFO] Downloading GEO IP database, because the old database is older than 30 days or doesn't exist
[07-31 11:38:16]: [WARN] No MaxMind credentials found in the configuration file! GeoIp protections will be disabled.
[07-31 11:38:16]: [INFO] There is no newer GEO IP database uploaded to MaxMind. Using the old one for now.
[07-31 11:38:16]: [WARN] Could not download GeoLiteAPI database [FileNotFoundException]: plugins/AuthMe/GeoLite2-Country.mmdb (No such file or directory)
[07-31 11:38:16]: java.io.FileNotFoundException: plugins/AuthMe/GeoLite2-Country.mmdb (No such file or directory)
	at java.base/java.io.RandomAccessFile.open0(Native Method)
	at java.base/java.io.RandomAccessFile.open(RandomAccessFile.java:338)
	at java.base/java.io.RandomAccessFile.<init>(RandomAccessFile.java:257)
	at java.base/java.io.RandomAccessFile.<init>(RandomAccessFile.java:211)
	at fr.xephi.authme.libs.com.maxmind.db.BufferHolder.<init>(BufferHolder.java:20)
	at fr.xephi.authme.libs.com.maxmind.db.Reader.<init>(Reader.java:121)
	at fr.xephi.authme.service.GeoIpService.startReading(GeoIpService.java:179)
	at fr.xephi.authme.service.GeoIpService.updateDatabase(GeoIpService.java:150)
	at org.bukkit.craftbukkit.v1_12_R1.scheduler.CraftTask.run(CraftTask.java:64)
	at org.bukkit.craftbukkit.v1_12_R1.scheduler.CraftAsyncTask.run(CraftAsyncTask.java:52)
	at com.destroystokyo.paper.ServerSchedulerReportingWrapper.run(ServerSchedulerReportingWrapper.java:22)
	at java.base/java.util.concurrent.ThreadPoolExecutor.runWorker(ThreadPoolExecutor.java:1090)
	at java.base/java.util.concurrent.ThreadPoolExecutor$Worker.run(ThreadPoolExecutor.java:614)
	at java.base/java.lang.Thread.run(Thread.java:1474)

[07-31 11:42:20]: [INFO] AuthMe 5.6.0-bCUSTOM disabled!
[07-31 11:42:38]: [INFO] SQLite Setup finished
[07-31 11:42:38]: [INFO] No supported permissions system found! Permissions are disabled!
[07-31 11:42:38]: [WARN] WARNING! The protectInventory feature requires ProtocolLib! Disabling it...
[07-31 11:42:38]: [WARN] Note: Hooks.bungeecord is set to false but your server appears to be running in bungeecord mode (see your spigot.yml). In order to allow the datasource caching and the AuthMeBungee add-on to work properly you have to enable this option!
[07-31 11:42:38]: [INFO] AuthMe 5.6.0 build n.CUSTOM successfully enabled!
[07-31 11:42:38]: [INFO] Downloading GEO IP database, because the old database is older than 30 days or doesn't exist
[07-31 11:42:38]: [WARN] No MaxMind credentials found in the configuration file! GeoIp protections will be disabled.
[07-31 11:42:38]: [INFO] There is no newer GEO IP database uploaded to MaxMind. Using the old one for now.
[07-31 11:42:38]: [WARN] Could not download GeoLiteAPI database [FileNotFoundException]: plugins/AuthMe/GeoLite2-Country.mmdb (No such file or directory)
[07-31 11:42:38]: java.io.FileNotFoundException: plugins/AuthMe/GeoLite2-Country.mmdb (No such file or directory)
	at java.base/java.io.RandomAccessFile.open0(Native Method)
	at java.base/java.io.RandomAccessFile.open(RandomAccessFile.java:338)
	at java.base/java.io.RandomAccessFile.<init>(RandomAccessFile.java:257)
	at java.base/java.io.RandomAccessFile.<init>(RandomAccessFile.java:211)
	at fr.xephi.authme.libs.com.maxmind.db.BufferHolder.<init>(BufferHolder.java:20)
	at fr.xephi.authme.libs.com.maxmind.db.Reader.<init>(Reader.java:121)
	at fr.xephi.authme.service.GeoIpService.startReading(GeoIpService.java:179)
	at fr.xephi.authme.service.GeoIpService.updateDatabase(GeoIpService.java:150)
	at org.bukkit.craftbukkit.v1_12_R1.scheduler.CraftTask.run(CraftTask.java:64)
	at org.bukkit.craftbukkit.v1_12_R1.scheduler.CraftAsyncTask.run(CraftAsyncTask.java:52)
	at com.destroystokyo.paper.ServerSchedulerReportingWrapper.run(ServerSchedulerReportingWrapper.java:22)
	at java.base/java.util.concurrent.ThreadPoolExecutor.runWorker(ThreadPoolExecutor.java:1090)
	at java.base/java.util.concurrent.ThreadPoolExecutor$Worker.run(ThreadPoolExecutor.java:614)
	at java.base/java.lang.Thread.run(Thread.java:1474)

[07-31 11:53:39]: [INFO] AuthMe 5.6.0-bCUSTOM disabled!
