[06:59:05] [ServerMain/INFO]: [bootstrap] Running Java 21 (OpenJDK 64-Bit Server VM 21.0.12; Homebrew Homebrew) on Mac OS X 15.7.7 (x86_64)
[06:59:05] [ServerMain/INFO]: [bootstrap] Loading Paper 1.21.4-232-ver/1.21.4@12d8fe0 (2025-06-09T10:15:42Z) for Minecraft 1.21.4
[06:59:07] [ServerMain/INFO]: [PluginInitializerManager] Initializing plugins...
[06:59:07] [ServerMain/INFO]: [PluginInitializerManager] Initialized 1 plugin
[06:59:07] [ServerMain/INFO]: [PluginInitializerManager] Bukkit plugins (1):
 - VyntriWW2 (2.5.0)
[06:59:15] [ServerMain/INFO]: Environment: Environment[sessionHost=https://sessionserver.mojang.com, servicesHost=https://api.minecraftservices.com, name=PROD]
[06:59:15] [ServerMain/INFO]: [MCTypeRegistry] Initialising converters for DataConverter...
[06:59:15] [ServerMain/INFO]: [MCTypeRegistry] Finished initialising converters for DataConverter in 331,6ms
[06:59:18] [ServerMain/INFO]: Loaded 1370 recipes
[06:59:18] [ServerMain/INFO]: Loaded 1481 advancements
[06:59:18] [Server thread/INFO]: Starting minecraft server version 1.21.4
[06:59:18] [Server thread/INFO]: Loading properties
[06:59:18] [Server thread/INFO]: This server is running Paper version 1.21.4-232-ver/1.21.4@12d8fe0 (2025-06-09T10:15:42Z) (Implementing API version 1.21.4-R0.1-SNAPSHOT)
[06:59:18] [Server thread/WARN]: Couldn't load server icon
java.lang.IllegalArgumentException: BufferedImage must be 64 pixels wide (1463)
	at com.google.common.base.Preconditions.checkArgument(Preconditions.java:191) ~[guava-33.3.1-jre.jar:?]
	at org.bukkit.craftbukkit.CraftServer.loadServerIcon0(CraftServer.java:2704) ~[paper-1.21.4.jar:1.21.4-232-12d8fe0]
	at org.bukkit.craftbukkit.CraftServer.loadServerIcon0(CraftServer.java:2694) ~[paper-1.21.4.jar:1.21.4-232-12d8fe0]
	at org.bukkit.craftbukkit.CraftServer.loadIcon(CraftServer.java:1212) ~[paper-1.21.4.jar:1.21.4-232-12d8fe0]
	at org.bukkit.craftbukkit.CraftServer.<init>(CraftServer.java:486) ~[paper-1.21.4.jar:1.21.4-232-12d8fe0]
	at net.minecraft.server.players.PlayerList.<init>(PlayerList.java:141) ~[paper-1.21.4.jar:1.21.4-232-12d8fe0]
	at net.minecraft.server.dedicated.DedicatedPlayerList.<init>(DedicatedPlayerList.java:16) ~[paper-1.21.4.jar:1.21.4-232-12d8fe0]
	at net.minecraft.server.dedicated.DedicatedServer.initServer(DedicatedServer.java:206) ~[paper-1.21.4.jar:1.21.4-232-12d8fe0]
	at net.minecraft.server.MinecraftServer.runServer(MinecraftServer.java:1163) ~[paper-1.21.4.jar:1.21.4-232-12d8fe0]
	at net.minecraft.server.MinecraftServer.lambda$spin$2(MinecraftServer.java:310) ~[paper-1.21.4.jar:1.21.4-232-12d8fe0]
	at java.base/java.lang.Thread.run(Thread.java:1583) ~[?:?]
[06:59:18] [Server thread/INFO]: [spark] This server bundles the spark profiler. For more information please visit https://docs.papermc.io/paper/profiling
[06:59:18] [Server thread/INFO]: Server Ping Player Sample Count: 12
[06:59:18] [Server thread/INFO]: Using 4 threads for Netty based IO
[06:59:19] [Server thread/INFO]: [MoonriseCommon] Paper is using 2 worker threads, 1 I/O threads
[06:59:19] [Server thread/INFO]: [ChunkTaskScheduler] Chunk system is using population gen parallelism: true
[06:59:20] [Server thread/INFO]: Default game type: SURVIVAL
[06:59:20] [Server thread/INFO]: Generating keypair
[06:59:20] [Server thread/INFO]: Starting Minecraft server on 127.0.0.1:25566
[06:59:20] [Server thread/INFO]: Using default channel type
[06:59:20] [Server thread/INFO]: Paper: Using Java compression from Velocity.
[06:59:20] [Server thread/INFO]: Paper: Using Java cipher from Velocity.
[06:59:20] [Server thread/INFO]: [VyntriWW2] Loading server plugin VyntriWW2 v2.5.0
[06:59:20] [Server thread/INFO]: Server permissions file permissions.yml is empty, ignoring it
[06:59:20] [Server thread/WARN]: **** SERVER IS RUNNING IN OFFLINE/INSECURE MODE!
[06:59:20] [Server thread/WARN]: The server will make no attempt to authenticate usernames. Beware.
[06:59:20] [Server thread/WARN]: Whilst this makes it possible to use BungeeCord, unless access to your server is properly restricted, it also opens up the ability for hackers to connect with any username they choose.
[06:59:20] [Server thread/WARN]: Please see http://www.spigotmc.org/wiki/firewall-guide/ for further information.
[06:59:20] [Server thread/WARN]: To change this, set "online-mode" to "true" in the server.properties file.
[06:59:20] [Server thread/INFO]: Preparing level "world"
[06:59:21] [Server thread/INFO]: Preparing start region for dimension minecraft:overworld
[06:59:21] [Server thread/INFO]: Preparing spawn area: 0%
[06:59:22] [Server thread/INFO]: Preparing spawn area: 0%
[06:59:22] [Server thread/INFO]: Preparing spawn area: 0%
[06:59:22] [Server thread/INFO]: Time elapsed: 1375 ms
[06:59:22] [Server thread/INFO]: Preparing start region for dimension minecraft:the_nether
[06:59:22] [Server thread/INFO]: Preparing spawn area: 0%
[06:59:22] [Server thread/INFO]: Time elapsed: 237 ms
[06:59:22] [Server thread/INFO]: Preparing start region for dimension minecraft:the_end
[06:59:22] [Server thread/INFO]: Preparing spawn area: 0%
[06:59:22] [Server thread/INFO]: Time elapsed: 115 ms
[06:59:22] [Server thread/INFO]: [VyntriWW2] Enabling VyntriWW2 v2.5.0
[06:59:23] [Server thread/INFO]: [VyntriWW2] VyntriWW2 enabled with 6 weapons.
[06:59:24] [Server thread/INFO]: [spark] Starting background profiler...
[06:59:24] [Server thread/INFO]: [spark] The async-profiler engine is not supported for your os/arch (macosx/x86_64), so the built-in Java engine will be used instead.
[06:59:24] [Server thread/INFO]: Done preparing level "world" (3.379s)
[06:59:24] [Server thread/ERROR]: Couldn't load server icon
java.lang.IllegalStateException: Must be 64 pixels wide
	at com.google.common.base.Preconditions.checkState(Preconditions.java:513) ~[guava-33.3.1-jre.jar:?]
	at net.minecraft.server.MinecraftServer.lambda$loadStatusIcon$17(MinecraftServer.java:1458) ~[paper-1.21.4.jar:1.21.4-232-12d8fe0]
	at java.base/java.util.Optional.flatMap(Optional.java:289) ~[?:?]
	at net.minecraft.server.MinecraftServer.loadStatusIcon(MinecraftServer.java:1455) ~[paper-1.21.4.jar:1.21.4-232-12d8fe0]
	at net.minecraft.server.MinecraftServer.runServer(MinecraftServer.java:1168) ~[paper-1.21.4.jar:1.21.4-232-12d8fe0]
	at net.minecraft.server.MinecraftServer.lambda$spin$2(MinecraftServer.java:310) ~[paper-1.21.4.jar:1.21.4-232-12d8fe0]
	at java.base/java.lang.Thread.run(Thread.java:1583) ~[?:?]
[06:59:24] [Server thread/INFO]: Running delayed init tasks
[06:59:24] [Server thread/INFO]: Done (20.003s)! For help, type "help"
[06:59:33] [User Authenticator #0/INFO]: UUID of player Detopes is 3f8eacd7-b55a-31ed-aec2-b6d9f10f206c
[06:59:33] [Server thread/INFO]: Detopes joined the game
[06:59:34] [Server thread/INFO]: Detopes[/127.0.0.1:51188] logged in with entity id 64 at ([world]4451.076151497045, 63.0, 265.65732941679266)
[07:00:34] [Server thread/INFO]: Detopes issued server command: /witherstorm status
[07:02:07] [Server thread/INFO]: Detopes issued server command: /say oi
[07:02:07] [Async Chat Thread - #1/INFO]: [Not Secure] [Detopes] oi
[07:02:10] [Server thread/INFO]: Detopes issued server command: /tell oi
[07:02:29] [Server thread/INFO]: Detopes issued server command: /tell @a porra veio
[07:03:17] [Server thread/INFO]: Nothing changed. The player already is an operator
[07:03:22] [Server thread/INFO]: Nothing changed. The player already is an operator
[07:04:06] [Server thread/INFO]: Made 676767 no longer a server operator
[07:04:13] [Server thread/INFO]: Made Nic no longer a server operator
[07:04:20] [Server thread/INFO]: Banned 676767: Banned by an operator.
[07:04:35] [Server thread/INFO]: Detopes issued server command: /
[07:04:39] [Server thread/INFO]: Detopes issued server command: /ban 676767
